// Jest Snapshot v1, https://goo.gl/fbAQLP

exports[`<Spinner> Is Spinner render correctly 1`] = `
<Provider
  store={
    Object {
      "clearActions": [Function],
      "dispatch": [Function],
      "getActions": [Function],
      "getState": [Function],
      "replaceReducer": [Function],
      "subscribe": [Function],
    }
  }
>
  <SpinnerHome
    smallElem={[Function]}
    title="Render correctly!"
  >
    <p>
      Render some data from smallElem
    </p>
  </SpinnerHome>
</Provider>
`;
